[2026-10-08 18:53:43] 05 forecast simulations, mode = smoke, cores = 11 
[2026-10-08 18:53:43] wrote results/smoke/tables/code_b_fig04_05_weights_msfe.csv 
null device 
          1 
null device 
          1 
[2026-10-08 18:53:43] wrote results/smoke/tables/code_b_fig06_dimension.csv 
[2026-10-08 18:53:43] wrote results/smoke/tables/code_b_fig06_limits.csv 
[2026-10-08 18:53:43] figure 6 max |general - closed form| = 1.6e-14 
null device 
          1 
[2026-10-08 18:53:43]   Table 8 rho=0: 0.2 s 
[2026-10-08 18:53:44]   Table 8 rho=0.4: 0.1 s 
[2026-10-08 18:53:44]   Table 8 rho=0.8: 0.1 s 
[2026-10-08 18:53:44]   Table 9 H=(0.1;0.1): 0.1 s 
[2026-10-08 18:53:44]   Table 9 H=(0.1;0.2): 0.1 s 
[2026-10-08 18:53:44]   Table 9 H=(0.1;0.4): 0.2 s 
[2026-10-08 18:53:44]   Table 10 Sigma1: 0.2 s 
[2026-10-08 18:53:45]   Table 10 Sigma2: 0.4 s 
[2026-10-08 18:53:46]   Table 11 rho=0: 1.5 s 
[2026-10-08 18:53:48]   Table 11 rho=0.4: 1.2 s 
[2026-10-08 18:53:48] wrote results/smoke/tables/code_b_tables08_11_simulations.csv 
[2026-10-08 18:53:48] wrote results/smoke/tables/code_b_tables08_11_vs_paper.csv 
[2026-10-08 18:53:48] theory vs paper: max |diff| = 4.96e-05 
[2026-10-08 18:53:48] monte carlo vs paper: max |diff| / mc se = 4.85 
[2026-10-08 18:53:48] 05 done 
