[2026-10-08 16:42:09]   fBm     1 origins, 0.0 s 
[2026-10-08 16:42:09]   mfBm5   1 origins, 0.0 s 
[2026-10-08 16:42:09]   HAR     1 origins, 0.0 s 
[2026-10-08 16:42:09]   VHAR5   1 origins, 0.0 s 
[2026-10-08 16:42:09]   fBm     1 origins, 0.0 s 
[2026-10-08 16:42:09]   mfBm5   1 origins, 0.0 s 
[2026-10-08 16:42:09]   HAR     1 origins, 0.0 s 
[2026-10-08 16:42:09]   VHAR5   1 origins, 0.0 s 
[2026-10-08 16:42:09]   fBm     1 origins, 0.0 s 
[2026-10-08 16:42:09]   mfBm5   1 origins, 0.0 s 
[2026-10-08 16:42:09]   HAR     1 origins, 0.0 s 
[2026-10-08 16:42:09]   VHAR5   1 origins, 0.0 s 
[2026-10-08 16:42:09]   fBm     1 origins, 0.0 s 
[2026-10-08 16:42:09]   mfBm5   1 origins, 0.0 s 
[2026-10-08 16:42:09]   HAR     1 origins, 0.0 s 
[2026-10-08 16:42:09]   VHAR5   1 origins, 0.0 s 
[2026-10-08 16:42:09]   fBm     1 origins, 0.0 s 
[2026-10-08 16:42:09]   mfBm5   1 origins, 0.0 s 
[2026-10-08 16:42:09]   HAR     1 origins, 0.0 s 
[2026-10-08 16:42:09]   VHAR5   1 origins, 0.0 s 
[2026-10-08 16:42:09]   fBm     1 origins, 0.0 s 
[2026-10-08 16:42:09]   mfBm5   1 origins, 0.0 s 
[2026-10-08 16:42:09]   HAR     1 origins, 0.0 s 
[2026-10-08 16:42:09]   VHAR5   1 origins, 0.0 s 
[2026-10-08 16:42:09]   fBm     1 origins, 0.0 s 
[2026-10-08 16:42:09]   mfBm5   1 origins, 0.0 s 
[2026-10-08 16:42:09]   HAR     1 origins, 0.0 s 
[2026-10-08 16:42:09]   VHAR5   1 origins, 0.0 s 
[2026-10-08 16:42:09]   fBm     1 origins, 0.0 s 
[2026-10-08 16:42:09]   mfBm5   1 origins, 0.0 s 
[2026-10-08 16:42:09]   HAR     1 origins, 0.0 s 
[2026-10-08 16:42:09]   VHAR5   1 origins, 0.0 s 
[2026-10-08 16:42:09]   fBm     1 origins, 0.0 s 
[2026-10-08 16:42:09]   mfBm5   1 origins, 0.0 s 
[2026-10-08 16:42:09]   HAR     1 origins, 0.0 s 
[2026-10-08 16:42:09]   VHAR5   1 origins, 0.0 s 
[2026-10-08 16:42:09]   fBm     1 origins, 0.0 s 
[2026-10-08 16:42:09]   mfBm5   1 origins, 0.0 s 
[2026-10-08 16:42:09]   HAR     1 origins, 0.0 s 
[2026-10-08 16:42:09]   VHAR5   1 origins, 0.0 s 
[2026-10-08 16:42:09]   fBm     1 origins, 0.0 s 
[2026-10-08 16:42:09]   mfBm5   1 origins, 0.0 s 
[2026-10-08 16:42:09]   HAR     1 origins, 0.0 s 
[2026-10-08 16:42:09]   VHAR5   1 origins, 0.0 s 
[2026-10-08 16:42:09]   fBm     1 origins, 0.0 s 
[2026-10-08 16:42:09]   mfBm5   1 origins, 0.0 s 
[2026-10-08 16:42:09]   HAR     1 origins, 0.0 s 
[2026-10-08 16:42:09]   VHAR5   1 origins, 0.0 s 
[2026-10-08 16:42:09]   fBm     1 origins, 0.0 s 
[2026-10-08 16:42:09]   mfBm5   1 origins, 0.0 s 
[2026-10-08 16:42:09]   HAR     1 origins, 0.0 s 
[2026-10-08 16:42:09]   VHAR5   1 origins, 0.0 s 
[2026-10-08 16:42:09]   fBm     1 origins, 0.0 s 
[2026-10-08 16:42:09]   mfBm5   1 origins, 0.0 s 
[2026-10-08 16:42:09]   HAR     1 origins, 0.0 s 
[2026-10-08 16:42:09]   VHAR5   1 origins, 0.0 s 
[2026-10-08 16:42:09]   fBm     1 origins, 0.0 s 
[2026-10-08 16:42:09]   mfBm5   1 origins, 0.0 s 
[2026-10-08 16:42:09]   HAR     1 origins, 0.0 s 
[2026-10-08 16:42:09]   VHAR5   1 origins, 0.0 s 
[2026-10-08 16:42:09]   fBm     1 origins, 0.0 s 
[2026-10-08 16:42:09]   mfBm5   1 origins, 0.0 s 
[2026-10-08 16:42:09]   HAR     1 origins, 0.0 s 
[2026-10-08 16:42:09]   VHAR5   1 origins, 0.0 s 
 calendar       mode         scenario model h origin_date target_date  forecast
    daily common_obs         baseline   fBm 5  2010-03-12  2010-03-17 0.1729426
    daily common_obs         baseline mfBm5 5  2010-03-12  2010-03-17 0.1718396
    daily common_obs      future_B_na   fBm 5  2010-03-12  2010-03-18 0.1729426
    daily common_obs      future_B_na mfBm5 5  2010-03-12  2010-03-18 0.1718396
    daily common_obs  future_B_values   fBm 5  2010-03-12  2010-03-17 0.1729426
    daily common_obs  future_B_values mfBm5 5  2010-03-12  2010-03-17 0.1718396
    daily common_obs future_target_na   fBm 5  2010-03-12  2010-03-18 0.1729426
    daily common_obs future_target_na mfBm5 5  2010-03-12  2010-03-18 0.1718396
    daily    trading         baseline   fBm 5  2010-03-12  2010-03-17 0.1729426
    daily    trading         baseline mfBm5 5  2010-03-12  2010-03-17 0.1718396
    daily    trading      future_B_na   fBm 5  2010-03-12  2010-03-17 0.1729426
    daily    trading      future_B_na mfBm5 5  2010-03-12  2010-03-17 0.1718396
    daily    trading  future_B_values   fBm 5  2010-03-12  2010-03-17 0.1729426
    daily    trading  future_B_values mfBm5 5  2010-03-12  2010-03-17 0.1718396
  weekday common_obs         baseline   fBm 5  2010-04-09  2010-04-16 0.1729426
  weekday common_obs         baseline mfBm5 5  2010-04-09  2010-04-16 0.1718396
  weekday common_obs      future_B_na   fBm 5  2010-04-09  2010-04-19 0.1729426
  weekday common_obs      future_B_na mfBm5 5  2010-04-09  2010-04-19 0.1718396
  weekday common_obs  future_B_values   fBm 5  2010-04-09  2010-04-16 0.1729426
  weekday common_obs  future_B_values mfBm5 5  2010-04-09  2010-04-16 0.1718396
  weekday common_obs future_target_na   fBm 5  2010-04-09  2010-04-19 0.1729426
  weekday common_obs future_target_na mfBm5 5  2010-04-09  2010-04-19 0.1718396
  weekday    trading         baseline   fBm 5  2010-04-09  2010-04-16 0.1729426
  weekday    trading         baseline mfBm5 5  2010-04-09  2010-04-16 0.1718396
  weekday    trading      future_B_na   fBm 5  2010-04-09  2010-04-16 0.1729426
  weekday    trading      future_B_na mfBm5 5  2010-04-09  2010-04-16 0.1718396
  weekday    trading  future_B_values   fBm 5  2010-04-09  2010-04-16 0.1729426
  weekday    trading  future_B_values mfBm5 5  2010-04-09  2010-04-16 0.1718396
    actual
 0.1862095
 0.1862095
 0.1665561
 0.1665561
 0.1862095
 0.1862095
 0.1665561
 0.1665561
 0.1862095
 0.1862095
 0.1862095
 0.1862095
 0.1862095
 0.1862095
 0.1862095
 0.1862095
 0.1665561
 0.1665561
 0.1862095
 0.1862095
 0.1665561
 0.1665561
 0.1862095
 0.1862095
 0.1862095
 0.1862095
 0.1862095
 0.1862095
