cells: 144  with filter events: 33 
cells with filter events, |rel diff| < 1%: pipeline 2  no_filter 12 
median |rel diff| (cells with filter events): pipeline 0.0359  no_filter 0.0111 
 sample    table  model  h n_filtered  paper pipeline no_filter rel_pipeline
   dj30  Table 3  VHAR2 10         10 1.2834   1.2506    1.2721    -0.025543
   dj30  Table 3  VHAR2 15         13 1.4560   1.3953    1.4402    -0.041716
   dj30  Table 3  VHAR2 20         20 1.5053   1.4464    1.4990    -0.039160
   dj30  Table 3  VHAR3 10          7 1.3236   1.2914    1.3007    -0.024352
   dj30  Table 3  VHAR3 15         13 1.5065   1.4480    1.4746    -0.038817
   dj30  Table 3  VHAR3 20         20 1.5581   1.4826    1.5297    -0.048479
   dj30  Table 3  VHAR4 10         13 1.3666   1.3181    1.3503    -0.035479
   dj30  Table 3  VHAR4 15         38 1.6630   1.5149    1.6515    -0.089043
   dj30  Table 3  VHAR4 20         45 1.9388   1.6981    1.9201    -0.124148
   dj30  Table 3  VHAR5 10          7 1.3626   1.3503    1.3581    -0.009011
   dj30  Table 3  VHAR5 15         28 1.6406   1.6049    1.6575    -0.021734
   dj30  Table 3  VHAR5 20         20 1.8773   1.8011    1.8631    -0.040603
   dj30 Table 15 VHARF2 10         10 1.2834   1.2506    1.2721    -0.025543
   dj30 Table 15 VHARF2 15         13 1.4560   1.3953    1.4402    -0.041716
   dj30 Table 15 VHARF2 20         20 1.5053   1.4464    1.4990    -0.039160
   dj30 Table 15 VHARF3 10          6 1.2629   1.2431    1.2505    -0.015699
   dj30 Table 15 VHARF3 15         12 1.3993   1.3593    1.3816    -0.028562
   dj30 Table 15 VHARF3 20         17 1.4299   1.3786    1.4153    -0.035902
   dj30 Table 15 VHARF4 10          8 1.2306   1.2037    1.2158    -0.021848
   dj30 Table 15 VHARF4 15         14 1.3949   1.3486    1.3794    -0.033225
   dj30 Table 15 VHARF4 20         21 1.4871   1.4219    1.4781    -0.043816
   dj30 Table 15 VHARF5 10          7 1.2351   1.2114    1.2212    -0.019214
   dj30 Table 15 VHARF5 15         12 1.4075   1.3772    1.4000    -0.021539
   dj30 Table 15 VHARF5 20         16 1.4925   1.4671    1.4910    -0.017036
   mag7 Table 17  VHAR3 10          3 0.8826   0.8874    0.8926     0.005399
   mag7 Table 17  VHAR3 15          6 0.9606   0.9276    0.9434    -0.034344
   mag7 Table 17  VHAR3 20          4 1.0669   1.0341    1.0440    -0.030773
   mag7 Table 17  VHAR4 10          8 0.9521   0.8869    0.9172    -0.068464
   mag7 Table 17  VHAR4 15         10 1.1467   0.9672    1.0301    -0.156526
   mag7 Table 17  VHAR4 20         17 1.3803   1.1303    1.2165    -0.181094
   mag7 Table 17  VHAR5 10         11 1.1794   1.0692    1.1642    -0.093398
   mag7 Table 17  VHAR5 15         17 1.6927   1.1728    1.5218    -0.307116
   mag7 Table 17  VHAR5 20         44 2.5475   1.2826    2.2089    -0.496535
 rel_no_filter
    -0.0087732
    -0.0108401
    -0.0041549
    -0.0172832
    -0.0211845
    -0.0182442
    -0.0119131
    -0.0068853
    -0.0096520
    -0.0032799
     0.0102912
    -0.0075749
    -0.0087732
    -0.0108401
    -0.0041549
    -0.0097907
    -0.0126839
    -0.0101920
    -0.0120570
    -0.0110852
    -0.0060561
    -0.0112149
    -0.0053274
    -0.0009841
     0.0113803
    -0.0178937
    -0.0214849
    -0.0366243
    -0.1016867
    -0.1186966
    -0.0129297
    -0.1009416
    -0.1329178
