[2026-10-08 16:42:07] 05 forecast simulations, mode = smoke, cores = 11 
[2026-10-08 16:42:07] wrote results/smoke/tables/code_b_fig04_05_weights_msfe.csv 
null device 
          1 
null device 
          1 
[2026-10-08 16:42:07] wrote results/smoke/tables/code_b_fig06_dimension.csv 
[2026-10-08 16:42:07] wrote results/smoke/tables/code_b_fig06_limits.csv 
[2026-10-08 16:42:07] figure 6 max |general - closed form| = 1.6e-14 
null device 
          1 
[2026-10-08 16:42:07]   Table 8 rho=0 loaded from checkpoint 
[2026-10-08 16:42:07]   Table 8 rho=0.4 loaded from checkpoint 
[2026-10-08 16:42:07]   Table 8 rho=0.8 loaded from checkpoint 
[2026-10-08 16:42:07]   Table 9 H=(0.1;0.1) loaded from checkpoint 
[2026-10-08 16:42:07]   Table 9 H=(0.1;0.2) loaded from checkpoint 
[2026-10-08 16:42:07]   Table 9 H=(0.1;0.4) loaded from checkpoint 
[2026-10-08 16:42:07]   Table 10 Sigma1 loaded from checkpoint 
[2026-10-08 16:42:07]   Table 10 Sigma2 loaded from checkpoint 
[2026-10-08 16:42:07]   Table 11 rho=0 loaded from checkpoint 
[2026-10-08 16:42:07]   Table 11 rho=0.4 loaded from checkpoint 
[2026-10-08 16:42:07] wrote results/smoke/tables/code_b_tables08_11_simulations.csv 
[2026-10-08 16:42:07] wrote results/smoke/tables/code_b_tables08_11_vs_paper.csv 
[2026-10-08 16:42:07] theory vs paper: max |diff| = 4.96e-05 
[2026-10-08 16:42:07] monte carlo vs paper: max |diff| / mc se = 4.85 
[2026-10-08 16:42:07] 05 done 
