[2026-10-08 16:42:07] 06 empirical forecasts DJ30, mode = smoke, cores = 11 
[2026-10-08 16:42:07] calendar = trading (primary) 
[2026-10-08 16:42:08]   fBm loaded from checkpoint 
[2026-10-08 16:42:08]   HAR loaded from checkpoint 
[2026-10-08 16:42:08]   LHAR loaded from checkpoint 
[2026-10-08 16:42:08]   bfBm loaded from checkpoint 
[2026-10-08 16:42:08]   VHAR2 loaded from checkpoint 
[2026-10-08 16:42:08]   VHARF2 loaded from checkpoint 
[2026-10-08 16:42:08]   VLHAR2 loaded from checkpoint 
[2026-10-08 16:42:08]   mfBm3 loaded from checkpoint 
[2026-10-08 16:42:08]   VHAR3 loaded from checkpoint 
[2026-10-08 16:42:08]   VHARF3 loaded from checkpoint 
[2026-10-08 16:42:08]   VLHAR3 loaded from checkpoint 
[2026-10-08 16:42:08]   mfBm4 loaded from checkpoint 
[2026-10-08 16:42:08]   VHAR4 loaded from checkpoint 
[2026-10-08 16:42:08]   VHARF4 loaded from checkpoint 
[2026-10-08 16:42:08]   VLHAR4 loaded from checkpoint 
[2026-10-08 16:42:08]   mfBm5 loaded from checkpoint 
[2026-10-08 16:42:08]   VHAR5 loaded from checkpoint 
[2026-10-08 16:42:08]   VHARF5 loaded from checkpoint 
[2026-10-08 16:42:08]   VLHAR5 loaded from checkpoint 
[2026-10-08 16:42:08] all models: 0.0 min 
[2026-10-08 16:42:08] wrote results/smoke/tables/code_b_checks_dj30.csv 
[2026-10-08 16:42:08] wrote results/smoke/tables/code_b_dj30_tables_vs_paper.csv 
[2026-10-08 16:42:08] wrote results/smoke/tables/code_b_dj30_original_vs_ours.csv 
[2026-10-08 16:42:08] wrote results/smoke/tables/code_b_table02_dj30.csv 
[2026-10-08 16:42:08] wrote results/smoke/tables/code_b_table03_dj30.csv 
[2026-10-08 16:42:08] wrote results/smoke/tables/code_b_table15_dj30.csv 
[2026-10-08 16:42:08] wrote results/smoke/tables/code_b_table16_dj30.csv 
[2026-10-08 16:42:08] wrote results/smoke/tables/code_b_table18_dj30.csv 
[2026-10-08 16:42:08] [trading] mfBm5 better than fBm (MSFE, full period): 2 of 8 horizons 
[2026-10-08 16:42:08] [trading] same direction as the paper: 40 of 80 
[2026-10-08 16:42:08] calendar = common_obs (sensitivity / replication mode) 
[2026-10-08 16:42:08]   fBm loaded from checkpoint 
[2026-10-08 16:42:08]   HAR loaded from checkpoint 
[2026-10-08 16:42:08]   LHAR loaded from checkpoint 
[2026-10-08 16:42:08]   bfBm loaded from checkpoint 
[2026-10-08 16:42:08]   VHAR2 loaded from checkpoint 
[2026-10-08 16:42:08]   VHARF2 loaded from checkpoint 
[2026-10-08 16:42:08]   VLHAR2 loaded from checkpoint 
[2026-10-08 16:42:08]   mfBm3 loaded from checkpoint 
[2026-10-08 16:42:08]   VHAR3 loaded from checkpoint 
[2026-10-08 16:42:08]   VHARF3 loaded from checkpoint 
[2026-10-08 16:42:08]   VLHAR3 loaded from checkpoint 
[2026-10-08 16:42:08]   mfBm4 loaded from checkpoint 
[2026-10-08 16:42:08]   VHAR4 loaded from checkpoint 
[2026-10-08 16:42:08]   VHARF4 loaded from checkpoint 
[2026-10-08 16:42:08]   VLHAR4 loaded from checkpoint 
[2026-10-08 16:42:08]   mfBm5 loaded from checkpoint 
[2026-10-08 16:42:08]   VHAR5 loaded from checkpoint 
[2026-10-08 16:42:08]   VHARF5 loaded from checkpoint 
[2026-10-08 16:42:08]   VLHAR5 loaded from checkpoint 
[2026-10-08 16:42:08] all models: 0.0 min 
[2026-10-08 16:42:08] wrote results/smoke/tables/code_b_checks_dj30_common_obs.csv 
[2026-10-08 16:42:08] wrote results/smoke/tables/code_b_dj30_tables_vs_paper_common_obs.csv 
[2026-10-08 16:42:08] wrote results/smoke/tables/code_b_dj30_original_vs_ours_common_obs.csv 
[2026-10-08 16:42:08] wrote results/smoke/tables/code_b_table02_dj30_common_obs.csv 
[2026-10-08 16:42:08] wrote results/smoke/tables/code_b_table03_dj30_common_obs.csv 
[2026-10-08 16:42:08] wrote results/smoke/tables/code_b_table15_dj30_common_obs.csv 
[2026-10-08 16:42:08] wrote results/smoke/tables/code_b_table16_dj30_common_obs.csv 
[2026-10-08 16:42:08] wrote results/smoke/tables/code_b_table18_dj30_common_obs.csv 
[2026-10-08 16:42:08] [common_obs] mfBm5 better than fBm (MSFE, full period): 0 of 8 horizons 
[2026-10-08 16:42:08] [common_obs] same direction as the paper: 33 of 80 
[2026-10-08 16:42:08] wrote results/smoke/tables/code_b_calendar_sensitivity_dj30.csv 
[2026-10-08 16:42:08] wrote results/smoke/tables/code_b_calendar_keys_dj30.csv 
[2026-10-08 16:42:08] wrote results/smoke/tables/code_b_provenance_06.csv 
null device 
          1 
null device 
          1 
null device 
          1 
[2026-10-08 16:42:08] 06 done 
