  dimension window n_scheduled n_training_eligible covariance_matrix_MB
1         1    500           3                   3            1.9073486
2         2    500           3                   3            7.6293945
3         3    500           3                   3           17.1661377
4         4    500           3                   3           30.5175781
5         5    500           3                   3           47.6837158
6         1    250           3                   3            0.4768372
7         5    250           3                   3           11.9209290
8         1   1000           3                   2            7.6293945
9         5   1000           3                   2          190.7348633
  conservative_working_memory_MB                                      scope
1                      11.444092 training_preflight_not_completed_forecasts
2                      45.776367 training_preflight_not_completed_forecasts
3                     102.996826 training_preflight_not_completed_forecasts
4                     183.105469 training_preflight_not_completed_forecasts
5                     286.102295 training_preflight_not_completed_forecasts
6                       2.861023 training_preflight_not_completed_forecasts
7                      71.525574 training_preflight_not_completed_forecasts
8                      45.776367 training_preflight_not_completed_forecasts
9                    1144.409180 training_preflight_not_completed_forecasts
w500_d1_o500 saved/available ; 14 rows
w500_d1_o2759 saved/available ; 16 rows
w500_d1_o5018 saved/available ; 2 rows
w500_d2_o500 saved/available ; 14 rows
w500_d2_o2759 saved/available ; 16 rows
w500_d2_o5018 saved/available ; 2 rows
w500_d3_o500 saved/available ; 14 rows
w500_d3_o2759 saved/available ; 16 rows
w500_d3_o5018 saved/available ; 2 rows
w500_d4_o500 saved/available ; 14 rows
w500_d4_o2759 saved/available ; 16 rows
w500_d4_o5018 saved/available ; 2 rows
w500_d5_o500 saved/available ; 14 rows
w500_d5_o2759 saved/available ; 16 rows
w500_d5_o5018 saved/available ; 2 rows
w250_d1_o500 saved/available ; 14 rows
w250_d1_o2759 saved/available ; 16 rows
w250_d1_o5018 saved/available ; 2 rows
w250_d5_o500 saved/available ; 14 rows
w250_d5_o2759 saved/available ; 16 rows
w250_d5_o5018 saved/available ; 2 rows
w1000_d1_o500 saved/available ; 0 rows
w1000_d1_o2759 saved/available ; 16 rows
w1000_d1_o5018 saved/available ; 2 rows
w1000_d5_o500 saved/available ; 0 rows
w1000_d5_o2759 saved/available ; 16 rows
w1000_d5_o5018 saved/available ; 2 rows
selection AAPL 2006-12-28 35 rows
selection AAPL 2015-12-18 40 rows
selection AAPL 2025-01-13 5 rows
selection MSFT 2006-12-28 35 rows
selection MSFT 2015-12-18 40 rows
selection MSFT 2025-01-13 5 rows
selection JPM 2006-12-28 35 rows
selection JPM 2015-12-18 40 rows
selection JPM 2025-01-13 5 rows
simulation mfBm replication 1/4
simulation mfBm replication 2/4
simulation mfBm replication 3/4
simulation mfBm replication 4/4
simulation mfOU_slow replication 1/4
simulation mfOU_slow replication 2/4
simulation mfOU_slow replication 3/4
simulation mfOU_slow replication 4/4
simulation mfOU_fast replication 1/4
simulation mfOU_fast replication 2/4
simulation mfOU_fast replication 3/4
simulation mfOU_fast replication 4/4
Completed smoke all in results/code_c_v2/final_smoke 
